{
    "-profile test": {
        "content": [
            {
                "ASMSTATS": {
                    "asmstats": "1.0.0",
                    "seqtk": "1.5-r133"
                },
                "FASTK_FASTK": {
                    "fastk": 1.2
                },
                "FASTK_HISTEX": {
                    "fastk": 1.2
                },
                "GENOMESCOPE2": {
                    "genomescope2": 2.0
                },
                "GFASTATS": {
                    "gfastats": "1.3.11"
                },
                "MERQURYFK_MERQURYFK": {
                    "R": "4.3.3",
                    "fastk": 1.2,
                    "merquryfk": 1.2
                },
                "SMUDGEPLOT_ALL": {
                    "fastk": 1.2,
                    "smudgeplot": "0.5.3"
                },
                "SMUDGEPLOT_HETMERS": {
                    "fastk": 1.2,
                    "smudgeplot": "0.5.3"
                },
                "Workflow": {
                    "sanger-tol/fastk_genome_statistics": "v0.1.0dev"
                }
            },
            [
                "asmstats",
                "asmstats/GCA_964034985.1.subset.fasta.stats",
                "fastk",
                "fastk/.Acropora_cervicornis.ktab.1",
                "fastk/.Acropora_cervicornis.ktab.2",
                "fastk/.Acropora_cervicornis.ktab.3",
                "fastk/.Acropora_cervicornis.ktab.4",
                "fastk/Acropora_cervicornis.fastK.log",
                "fastk/Acropora_cervicornis.hist",
                "fastk/Acropora_cervicornis.hist.txt",
                "fastk/Acropora_cervicornis.ktab",
                "genomescope2",
                "genomescope2/Acropora_cervicornis_linear_plot.png",
                "genomescope2/Acropora_cervicornis_log_plot.png",
                "genomescope2/Acropora_cervicornis_model.txt",
                "genomescope2/Acropora_cervicornis_report.json",
                "genomescope2/Acropora_cervicornis_summary.txt",
                "genomescope2/Acropora_cervicornis_transformed_linear_plot.png",
                "genomescope2/Acropora_cervicornis_transformed_log_plot.png",
                "gfastats",
                "gfastats/Acropora_cervicornis.assembly_summary",
                "gfastats/Acropora_cervicornis.fasta.gz",
                "merquryfk",
                "merquryfk/Acropora_cervicornis.GCA_964034985.1.subset.qv",
                "merquryfk/Acropora_cervicornis.GCA_964034985.1.subset.spectra-cn.fl.png",
                "merquryfk/Acropora_cervicornis.GCA_964034985.1.subset.spectra-cn.ln.png",
                "merquryfk/Acropora_cervicornis.GCA_964034985.1.subset.spectra-cn.st.png",
                "merquryfk/Acropora_cervicornis.GCA_964034985.1.subset_only.bed",
                "merquryfk/Acropora_cervicornis.completeness.stats",
                "merquryfk/Acropora_cervicornis.qv",
                "merquryfk/Acropora_cervicornis.spectra-asm.fl.png",
                "merquryfk/Acropora_cervicornis.spectra-asm.ln.png",
                "merquryfk/Acropora_cervicornis.spectra-asm.st.png",
                "pipeline_info",
                "pipeline_info/fastk_genome_statistics_software_versions.yml",
                "smudgeplot",
                "smudgeplot/Acropora_cervicornis.sma",
                "smudgeplot/Acropora_cervicornis.smu",
                "smudgeplot/Acropora_cervicornis.smudge_report.tsv",
                "smudgeplot/Acropora_cervicornis_centralities.png",
                "smudgeplot/Acropora_cervicornis_centralities.txt",
                "smudgeplot/Acropora_cervicornis_smudgeplot.png",
                "smudgeplot/Acropora_cervicornis_smudgeplot_log10.png"
            ],
            [
                "GCA_964034985.1.subset.fasta.stats:md5,8f3bb883b3e4395d145536f7e48fa876",
                ".Acropora_cervicornis.ktab.1:md5,196395ab26610cf86564374211875a1b",
                ".Acropora_cervicornis.ktab.2:md5,ea5ab8af2920660042fbe93bda1b4be3",
                ".Acropora_cervicornis.ktab.3:md5,60d4f451a913736bbca4d81233078152",
                ".Acropora_cervicornis.ktab.4:md5,a32d834b9dba0888a90ba90ce6f1d47b",
                "Acropora_cervicornis.fastK.log:md5,d41d8cd98f00b204e9800998ecf8427e",
                "Acropora_cervicornis.hist:md5,7d520daa05f5d7212d6f04a153090ff5",
                "Acropora_cervicornis.hist.txt:md5,e4e36f48d9029b63bd94a517f12202e2",
                "Acropora_cervicornis.ktab:md5,5e711dacd75475ab5439f9a632155585",
                "Acropora_cervicornis_linear_plot.png:md5,098a68e57be06f270892763b6db30a9a",
                "Acropora_cervicornis_log_plot.png:md5,3978a892e8ce1a7562855790bc53b4e3",
                "Acropora_cervicornis_model.txt:md5,a7ee9ddf01dd429100e8f45e4233c53c",
                "Acropora_cervicornis_report.json:md5,b153e9a896771222029c8a12ea295aaa",
                "Acropora_cervicornis_summary.txt:md5,4f0a7343918fc2225756e1619bc8ec5c",
                "Acropora_cervicornis_transformed_linear_plot.png:md5,5e90a8f4c5c3cd44f8bc45f6eb1ef093",
                "Acropora_cervicornis_transformed_log_plot.png:md5,fb3bce4f44517826c2e8205905b55778",
                "Acropora_cervicornis.assembly_summary:md5,5578eaa18851b7412a974459ba2c48dc",
                "Acropora_cervicornis.fasta.gz:md5,9945ae769af6af22f4b3d493da8ec4a6",
                "Acropora_cervicornis.GCA_964034985.1.subset.qv:md5,4a5526a9c8d25cf3618c22c387c5bd3a",
                "Acropora_cervicornis.GCA_964034985.1.subset.spectra-cn.fl.png:md5,efa03f01323f2f89f60963d113bed5f4",
                "Acropora_cervicornis.GCA_964034985.1.subset.spectra-cn.ln.png:md5,9982b2290073b741824c8da880617cf1",
                "Acropora_cervicornis.GCA_964034985.1.subset.spectra-cn.st.png:md5,8aa306fc28fd67e5cdf933a198605bea",
                "Acropora_cervicornis.GCA_964034985.1.subset_only.bed:md5,82466e140d2996106ac358981c922115",
                "Acropora_cervicornis.completeness.stats:md5,2c72abc8c459b6299709016a7fe56b50",
                "Acropora_cervicornis.qv:md5,21467fc41848f20e4650e95c67b6ef9f",
                "Acropora_cervicornis.spectra-asm.fl.png:md5,5cd27aaf4453f9e3a5fe4bb8aa8fcdc5",
                "Acropora_cervicornis.spectra-asm.ln.png:md5,8bc44e8847cb927c682a1d27c0396f14",
                "Acropora_cervicornis.spectra-asm.st.png:md5,724ad33bf26443e8233d321e1ffc86cc",
                "Acropora_cervicornis.sma:md5,3f8039ad6b3cd63aa51fe8fc88d3711d",
                "Acropora_cervicornis.smu:md5,5efbf46d247a1af2d2248208632d9556",
                "Acropora_cervicornis.smudge_report.tsv:md5,6ac3d8a13138efbd946888eb17715c3a",
                "Acropora_cervicornis_centralities.png:md5,96cf3d4b4df372a0116954112468ad25",
                "Acropora_cervicornis_centralities.txt:md5,004742bde631c578911fec5ebb7ebe68",
                "Acropora_cervicornis_smudgeplot.png:md5,871c8546063835e71ea136fc4b6a03c6",
                "Acropora_cervicornis_smudgeplot_log10.png:md5,c2f737757650082c676d3cf0754834f8"
            ]
        ],
        "timestamp": "2026-09-10T16:15:56.406544179",
        "meta": {
            "nf-test": "0.9.5",
            "nextflow": "26.04.0"
        }
    }
}